error: expected one of: `getter`, `storage_prefix`, `unbounded`, `whitelist_storage`, `pov_estimate`
  --> tests/pallet_ui/storage_invalid_attribute.rs:16:12
   |
16 |     #[pallet::generate_store(pub trait Store)]
   |               ^^^^^^^^^^^^^^
